Archive member included to satisfy reference by file (symbol)

e:/simplicity studio/developer/toolchains/gnu_arm/7.2_2017q4/bin/../lib/gcc/arm-none-eabi/7.2.1/../../../../arm-none-eabi/lib/thumb/v7-m\libc_nano.a(lib_a-abs.o)
                              ./drivers/segmentlcd.o (abs)
e:/simplicity studio/developer/toolchains/gnu_arm/7.2_2017q4/bin/../lib/gcc/arm-none-eabi/7.2.1/../../../../arm-none-eabi/lib/thumb/v7-m\libc_nano.a(lib_a-exit.o)
                              e:/simplicity studio/developer/toolchains/gnu_arm/7.2_2017q4/bin/../lib/gcc/arm-none-eabi/7.2.1/../../../../arm-none-eabi/lib/thumb/v7-m/crt0.o (exit)
e:/simplicity studio/developer/toolchains/gnu_arm/7.2_2017q4/bin/../lib/gcc/arm-none-eabi/7.2.1/../../../../arm-none-eabi/lib/thumb/v7-m\libc_nano.a(lib_a-impure.o)
                              e:/simplicity studio/developer/toolchains/gnu_arm/7.2_2017q4/bin/../lib/gcc/arm-none-eabi/7.2.1/../../../../arm-none-eabi/lib/thumb/v7-m\libc_nano.a(lib_a-exit.o) (_global_impure_ptr)
e:/simplicity studio/developer/toolchains/gnu_arm/7.2_2017q4/bin/../lib/gcc/arm-none-eabi/7.2.1/../../../../arm-none-eabi/lib/thumb/v7-m\libc_nano.a(lib_a-init.o)
                              e:/simplicity studio/developer/toolchains/gnu_arm/7.2_2017q4/bin/../lib/gcc/arm-none-eabi/7.2.1/../../../../arm-none-eabi/lib/thumb/v7-m/crt0.o (__libc_init_array)
e:/simplicity studio/developer/toolchains/gnu_arm/7.2_2017q4/bin/../lib/gcc/arm-none-eabi/7.2.1/../../../../arm-none-eabi/lib/thumb/v7-m\libc_nano.a(lib_a-memcpy-stub.o)
                              ./BSP/bsp_stk.o (memcpy)
e:/simplicity studio/developer/toolchains/gnu_arm/7.2_2017q4/bin/../lib/gcc/arm-none-eabi/7.2.1/../../../../arm-none-eabi/lib/thumb/v7-m\libc_nano.a(lib_a-memset.o)
                              e:/simplicity studio/developer/toolchains/gnu_arm/7.2_2017q4/bin/../lib/gcc/arm-none-eabi/7.2.1/../../../../arm-none-eabi/lib/thumb/v7-m/crt0.o (memset)
e:/simplicity studio/developer/toolchains/gnu_arm/7.2_2017q4/bin/../lib/gcc/arm-none-eabi/7.2.1/../../../../arm-none-eabi/lib/thumb/v7-m\libc_nano.a(lib_a-rand.o)
                              ./src/eating.o (srand)
e:/simplicity studio/developer/toolchains/gnu_arm/7.2_2017q4/bin/../lib/gcc/arm-none-eabi/7.2.1/../../../../arm-none-eabi/lib/thumb/v7-m\libc_nano.a(lib_a-strlen.o)
                              ./drivers/segmentlcd.o (strlen)
e:/simplicity studio/developer/toolchains/gnu_arm/7.2_2017q4/bin/../lib/gcc/arm-none-eabi/7.2.1/../../../../arm-none-eabi/lib/thumb/v7-m\libc_nano.a(lib_a-malloc.o)
                              e:/simplicity studio/developer/toolchains/gnu_arm/7.2_2017q4/bin/../lib/gcc/arm-none-eabi/7.2.1/../../../../arm-none-eabi/lib/thumb/v7-m\libc_nano.a(lib_a-rand.o) (malloc)
e:/simplicity studio/developer/toolchains/gnu_arm/7.2_2017q4/bin/../lib/gcc/arm-none-eabi/7.2.1/../../../../arm-none-eabi/lib/thumb/v7-m\libc_nano.a(lib_a-nano-freer.o)
                              e:/simplicity studio/developer/toolchains/gnu_arm/7.2_2017q4/bin/../lib/gcc/arm-none-eabi/7.2.1/../../../../arm-none-eabi/lib/thumb/v7-m\libc_nano.a(lib_a-malloc.o) (_free_r)
e:/simplicity studio/developer/toolchains/gnu_arm/7.2_2017q4/bin/../lib/gcc/arm-none-eabi/7.2.1/../../../../arm-none-eabi/lib/thumb/v7-m\libc_nano.a(lib_a-nano-mallocr.o)
                              e:/simplicity studio/developer/toolchains/gnu_arm/7.2_2017q4/bin/../lib/gcc/arm-none-eabi/7.2.1/../../../../arm-none-eabi/lib/thumb/v7-m\libc_nano.a(lib_a-malloc.o) (_malloc_r)
e:/simplicity studio/developer/toolchains/gnu_arm/7.2_2017q4/bin/../lib/gcc/arm-none-eabi/7.2.1/../../../../arm-none-eabi/lib/thumb/v7-m\libc_nano.a(lib_a-sbrkr.o)
                              e:/simplicity studio/developer/toolchains/gnu_arm/7.2_2017q4/bin/../lib/gcc/arm-none-eabi/7.2.1/../../../../arm-none-eabi/lib/thumb/v7-m\libc_nano.a(lib_a-nano-mallocr.o) (_sbrk_r)
e:/simplicity studio/developer/toolchains/gnu_arm/7.2_2017q4/bin/../lib/gcc/arm-none-eabi/7.2.1/../../../../arm-none-eabi/lib/thumb/v7-m\libc_nano.a(lib_a-mlock.o)
                              e:/simplicity studio/developer/toolchains/gnu_arm/7.2_2017q4/bin/../lib/gcc/arm-none-eabi/7.2.1/../../../../arm-none-eabi/lib/thumb/v7-m\libc_nano.a(lib_a-nano-freer.o) (__malloc_lock)
e:/simplicity studio/developer/toolchains/gnu_arm/7.2_2017q4/bin/../lib/gcc/arm-none-eabi/7.2.1/../../../../arm-none-eabi/lib/thumb/v7-m\libc_nano.a(lib_a-reent.o)
                              e:/simplicity studio/developer/toolchains/gnu_arm/7.2_2017q4/bin/../lib/gcc/arm-none-eabi/7.2.1/../../../../arm-none-eabi/lib/thumb/v7-m\libc_nano.a(lib_a-sbrkr.o) (errno)
e:/simplicity studio/developer/toolchains/gnu_arm/7.2_2017q4/bin/../lib/gcc/arm-none-eabi/7.2.1/../../../../arm-none-eabi/lib/thumb/v7-m\libnosys.a(sbrk.o)
[...]
Memory Configuration

Name             Origin             Length             Attributes
FLASH            0x00000000         0x00100000         xr
RAM              0x20000000         0x00020000         xrw
*default*        0x00000000         0xffffffff

Linker script and memory map

LOAD e:/simplicity studio/developer/toolchains/gnu_arm/7.2_2017q4/bin/../lib/gcc/arm-none-eabi/7.2.1/thumb/v7-m/crti.o
LOAD e:/simplicity studio/developer/toolchains/gnu_arm/7.2_2017q4/bin/../lib/gcc/arm-none-eabi/7.2.1/thumb/v7-m/crtbegin.o
LOAD e:/simplicity studio/developer/toolchains/gnu_arm/7.2_2017q4/bin/../lib/gcc/arm-none-eabi/7.2.1/../../../../arm-none-eabi/lib/thumb/v7-m/crt0.o
LOAD ./BSP/bsp_bcc.o
LOAD ./BSP/bsp_stk.o
LOAD ./BSP/bsp_stk_buttons.o
LOAD ./BSP/bsp_stk_leds.o
LOAD ./BSP/bsp_trace.o
LOAD ./CMSIS/EFM32GG/startup_efm32gg.o
LOAD ./CMSIS/EFM32GG/system_efm32gg.o
LOAD ./drivers/segmentlcd.o
LOAD ./emlib/em_cmu.o
LOAD ./emlib/em_gpio.o
LOAD ./emlib/em_lcd.o
LOAD ./emlib/em_system.o
LOAD ./src/eating.o
LOAD ./src/lose.o
LOAD ./src/main.o
LOAD ./src/moving.o
LOAD ./src/segmentlcd_individual.o
LOAD ./src/start.o
LOAD ./src/win.o
START GROUP
LOAD e:/simplicity studio/developer/toolchains/gnu_arm/7.2_2017q4/bin/../lib/gcc/arm-none-eabi/7.2.1/thumb/v7-m\libgcc.a
LOAD e:/simplicity studio/developer/toolchains/gnu_arm/7.2_2017q4/bin/../lib/gcc/arm-none-eabi/7.2.1/../../../../arm-none-eabi/lib/thumb/v7-m\libc_nano.a
LOAD e:/simplicity studio/developer/toolchains/gnu_arm/7.2_2017q4/bin/../lib/gcc/arm-none-eabi/7.2.1/../../../../arm-none-eabi/lib/thumb/v7-m\libnosys.a
END GROUP
START GROUP
LOAD e:/simplicity studio/developer/toolchains/gnu_arm/7.2_2017q4/bin/../lib/gcc/arm-none-eabi/7.2.1/thumb/v7-m\libgcc.a
LOAD e:/simplicity studio/developer/toolchains/gnu_arm/7.2_2017q4/bin/../lib/gcc/arm-none-eabi/7.2.1/../../../../arm-none-eabi/lib/thumb/v7-m\libg_nano.a
LOAD e:/simplicity studio/developer/toolchains/gnu_arm/7.2_2017q4/bin/../lib/gcc/arm-none-eabi/7.2.1/../../../../arm-none-eabi/lib/thumb/v7-m\libc_nano.a
END GROUP
START GROUP
LOAD e:/simplicity studio/developer/toolchains/gnu_arm/7.2_2017q4/bin/../lib/gcc/arm-none-eabi/7.2.1/thumb/v7-m\libgcc.a
LOAD e:/simplicity studio/developer/toolchains/gnu_arm/7.2_2017q4/bin/../lib/gcc/arm-none-eabi/7.2.1/../../../../arm-none-eabi/lib/thumb/v7-m\libc_nano.a
END GROUP
LOAD e:/simplicity studio/developer/toolchains/gnu_arm/7.2_2017q4/bin/../lib/gcc/arm-none-eabi/7.2.1/thumb/v7-m/crtend.o
LOAD e:/simplicity studio/developer/toolchains/gnu_arm/7.2_2017q4/bin/../lib/gcc/arm-none-eabi/7.2.1/thumb/v7-m/crtn.o

.text           0x00000000     0x3614
 *(.vectors)
 .vectors       0x00000000       0xdc ./CMSIS/EFM32GG/startup_efm32gg.o
                0x00000000                __Vectors
                0x000000dc                __Vectors_End = .
                0x000000dc                __Vectors_Size = (__Vectors_End - __Vectors)
                0x000000dc                __end__ = .
 *(.text*)
 .text          0x000000dc       0x40 e:/simplicity studio/developer/toolchains/gnu_arm/7.2_2017q4/bin/../lib/gcc/arm-none-eabi/7.2.1/thumb/v7-m/crtbegin.o
 .text          0x0000011c       0x74 e:/simplicity studio/developer/toolchains/gnu_arm/7.2_2017q4/bin/../lib/gcc/arm-none-eabi/7.2.1/../../../../arm-none-eabi/lib/thumb/v7-m/crt0.o
                0x0000011c                _start
                0x0000011c                _mainCRTStartup
 .text.BUS_RegBitRead
                0x00000190       0x28 ./BSP/bsp_stk_buttons.o
 .text.GPIO_PinInGet
                0x000001b8       0x54 ./BSP/bsp_stk_buttons.o
 .text.BSP_ButtonsInit
                0x0000020c       0x58 ./BSP/bsp_stk_buttons.o
                0x0000020c                BSP_ButtonsInit
 .text.BSP_ButtonGet
                0x00000264       0x44 ./BSP/bsp_stk_buttons.o
                0x00000264                BSP_ButtonGet
 .text.BSP_TraceProfilerSetup
                0x000002a8      0x118 ./BSP/bsp_trace.o
                0x000002a8                BSP_TraceProfilerSetup
 .text          0x000003c0       0x30 ./CMSIS/EFM32GG/startup_efm32gg.o
                0x000003c0                Reset_Handler
                0x000003ec                DebugMon_Handler
                0x000003ec                USART0_TX_IRQHandler
                0x000003ec                I2C0_IRQHandler
                0x000003ec                HardFault_Handler
                0x000003ec                LEUART1_IRQHandler
                0x000003ec                SysTick_Handler
                0x000003ec                USART1_RX_IRQHandler
                0x000003ec                PendSV_Handler
                0x000003ec                NMI_Handler
                0x000003ec                I2C1_IRQHandler
                0x000003ec                TIMER3_IRQHandler
                0x000003ec                USART1_TX_IRQHandler
                0x000003ec                MSC_IRQHandler
                0x000003ec                ADC0_IRQHandler
                0x000003ec                UsageFault_Handler
                0x000003ec                LEUART0_IRQHandler
                0x000003ec                GPIO_EVEN_IRQHandler
                0x000003ec                UART0_TX_IRQHandler
                0x000003ec                UART1_TX_IRQHandler
                0x000003ec                RTC_IRQHandler
                0x000003ec                TIMER0_IRQHandler
                0x000003ec                TIMER2_IRQHandler
                0x000003ec                LCD_IRQHandler
                0x000003ec                PCNT2_IRQHandler
                0x000003ec                UART0_RX_IRQHandler
                0x000003ec                LETIMER0_IRQHandler
                0x000003ec                TIMER1_IRQHandler
                0x000003ec                USART2_RX_IRQHandler
                0x000003ec                Default_Handler
                0x000003ec                EMU_IRQHandler
                0x000003ec                PCNT0_IRQHandler
                0x000003ec                sl_app_properties
                0x000003ec                USB_IRQHandler
                0x000003ec                BURTC_IRQHandler
                0x000003ec                PCNT1_IRQHandler
                0x000003ec                ACMP0_IRQHandler
                0x000003ec                USART0_RX_IRQHandler
                0x000003ec                MemManage_Handler
                0x000003ec                SVC_Handler
                0x000003ec                DAC0_IRQHandler
                0x000003ec                UART1_RX_IRQHandler
                0x000003ec                CMU_IRQHandler
                0x000003ec                EBI_IRQHandler
                0x000003ec                LESENSE_IRQHandler
                0x000003ec                GPIO_ODD_IRQHandler
                0x000003ec                AES_IRQHandler
                0x000003ec                VCMP_IRQHandler
                0x000003ec                DMA_IRQHandler
                0x000003ec                BusFault_Handler
                0x000003ec                USART2_TX_IRQHandler
 .text.GetProdRev
                0x000003f0       0x18 ./CMSIS/EFM32GG/system_efm32gg.o
 .text.SystemCoreClockGet
                0x00000408       0x34 ./CMSIS/EFM32GG/system_efm32gg.o
                0x00000408                SystemCoreClockGet
 .text.SystemMaxCoreClockGet
                0x0000043c       0x14 ./CMSIS/EFM32GG/system_efm32gg.o
                0x0000043c                SystemMaxCoreClockGet
 .text.SystemHFClockGet
                0x00000450      0x100 ./CMSIS/EFM32GG/system_efm32gg.o
                0x00000450                SystemHFClockGet
 .text.SystemHFXOClockGet
                0x00000550       0x14 ./CMSIS/EFM32GG/system_efm32gg.o
                0x00000550                SystemHFXOClockGet
 .text.SystemInit
                0x00000564       0x1c ./CMSIS/EFM32GG/system_efm32gg.o
                0x00000564                SystemInit
 .text.SystemLFRCOClockGet
                0x00000580       0x10 ./CMSIS/EFM32GG/system_efm32gg.o
                0x00000580                SystemLFRCOClockGet
 .text.SystemULFRCOClockGet
                0x00000590       0x10 ./CMSIS/EFM32GG/system_efm32gg.o
                0x00000590                SystemULFRCOClockGet
 .text.SystemLFXOClockGet
                0x000005a0       0x14 ./CMSIS/EFM32GG/system_efm32gg.o
                0x000005a0                SystemLFXOClockGet
 .text.LCD_SyncBusyDelay
                0x000005b4       0x24 ./drivers/segmentlcd.o
 .text.LCD_IntDisable
                0x000005d8       0x24 ./drivers/segmentlcd.o
 .text.SegmentLCD_AllOff
                0x000005fc       0xac ./drivers/segmentlcd.o
                0x000005fc                SegmentLCD_AllOff
 .text.SegmentLCD_Init
                0x000006a8       0xb8 ./drivers/segmentlcd.o
                0x000006a8                SegmentLCD_Init
 .text.BUS_RegBitWrite
                0x00000760       0x2c ./emlib/em_cmu.o
 .text.BUS_RegBitRead
                0x0000078c       0x28 ./emlib/em_cmu.o
 .text.SL_Log2ToDiv
                0x000007b4       0x1a ./emlib/em_cmu.o
 .text.CMU_DivToLog2
                0x000007ce       0x30 ./emlib/em_cmu.o
 *fill*         0x000007fe        0x2 
 .text.SYSTEM_GetProdRev
                0x00000800       0x18 ./emlib/em_cmu.o
 .text.SYSTEM_GetFamily
                0x00000818       0x18 ./emlib/em_cmu.o
 .text.maxFreqHfle
                0x00000830       0x7c ./emlib/em_cmu.o
 .text.setHfLeConfig
                0x000008ac       0x64 ./emlib/em_cmu.o
 .text.getHfLeConfig
                0x00000910       0x20 ./emlib/em_cmu.o
 .text.auxClkGet
                0x00000930       0xb0 ./emlib/em_cmu.o
 .text.dbgClkGet
                0x000009e0       0x40 ./emlib/em_cmu.o
 .text.flashWaitStateControl
                0x00000a20       0x98 ./emlib/em_cmu.o
 .text.flashWaitStateMax
                0x00000ab8       0x44 ./emlib/em_cmu.o
 .text.CMU_UpdateWaitStates
                0x00000afc       0x40 ./emlib/em_cmu.o
                0x00000afc                CMU_UpdateWaitStates
 .text.lfClkGet
                0x00000b3c       0xec ./emlib/em_cmu.o
 .text.syncReg  0x00000c28       0x34 ./emlib/em_cmu.o
 .text.usbCClkGet
                0x00000c5c       0x4c ./emlib/em_cmu.o
 .text.hfperClkSafePrescaler
                0x00000ca8        0xc ./emlib/em_cmu.o
 .text.hfperClkOptimizedPrescaler
                0x00000cb4        0xc ./emlib/em_cmu.o
 .text.CMU_ClockDivGet
                0x00000cc0      0x1a4 ./emlib/em_cmu.o
                0x00000cc0                CMU_ClockDivGet
 .text.CMU_ClockDivSet
                0x00000e64      0x264 ./emlib/em_cmu.o
                0x00000e64                CMU_ClockDivSet
 .text.CMU_ClockEnable
                0x000010c8       0xc8 ./emlib/em_cmu.o
                0x000010c8                CMU_ClockEnable
 .text.CMU_ClockFreqGet
                0x00001190      0x200 ./emlib/em_cmu.o
                0x00001190                CMU_ClockFreqGet
 .text.CMU_ClockSelectGet
                0x00001390      0x15c ./emlib/em_cmu.o
                0x00001390                CMU_ClockSelectGet
 .text.CMU_ClockSelectSet
                0x000014ec      0x298 ./emlib/em_cmu.o
                0x000014ec                CMU_ClockSelectSet
 .text.CMU_LCDClkFDIVSet
                0x00001784       0x3c ./emlib/em_cmu.o
                0x00001784                CMU_LCDClkFDIVSet
 .text.CMU_OscillatorEnable
                0x000017c0       0xbc ./emlib/em_cmu.o
                0x000017c0                CMU_OscillatorEnable
 .text.GPIO_PinOutClear
                0x0000187c       0x58 ./emlib/em_gpio.o
 .text.GPIO_PinOutSet
                0x000018d4       0x58 ./emlib/em_gpio.o
 .text.GPIO_PinModeSet
                0x0000192c      0x118 ./emlib/em_gpio.o
                0x0000192c                GPIO_PinModeSet
 .text.LCD_Enable
                0x00001a44       0x38 ./emlib/em_lcd.o
 .text.BUS_RegBitWrite
                0x00001a7c       0x2c ./emlib/em_lcd.o
 .text.LCD_Init
                0x00001aa8       0x78 ./emlib/em_lcd.o
                0x00001aa8                LCD_Init
 .text.LCD_VLCDSelect
                0x00001b20       0x44 ./emlib/em_lcd.o
                0x00001b20                LCD_VLCDSelect
 .text.LCD_SegmentRangeEnable
                0x00001b64       0x40 ./emlib/em_lcd.o
                0x00001b64                LCD_SegmentRangeEnable
 .text.LCD_SegmentSet
                0x00001ba4      0x1c8 ./emlib/em_lcd.o
                0x00001ba4                LCD_SegmentSet
 .text.LCD_SegmentSetLow
                0x00001d6c      0x17c ./emlib/em_lcd.o
                0x00001d6c                LCD_SegmentSetLow
 .text.LCD_SegmentSetHigh
                0x00001ee8      0x17c ./emlib/em_lcd.o
                0x00001ee8                LCD_SegmentSetHigh
 .text.LCD_VBoostSet
                0x00002064       0x28 ./emlib/em_lcd.o
                0x00002064                LCD_VBoostSet
 .text.SYSTEM_ChipRevisionGet
                0x0000208c       0x78 ./emlib/em_system.o
                0x0000208c                SYSTEM_ChipRevisionGet
 .text.eating   0x00002104      0x22e ./src/eating.o
                0x00002104                eating
 .text.lose     0x00002332      0x16e ./src/lose.o
                0x00002332                lose
 .text.SYSTEM_GetProdRev
                0x000024a0       0x18 ./src/main.o
 .text.CHIP_Init
                0x000024b8       0x48 ./src/main.o
 .text.delay    0x00002500       0x40 ./src/main.o
                0x00002500                delay
 .text.dirnew   0x00002540       0x6c ./src/main.o
                0x00002540                dirnew
 .text.setLCDSegments
                0x000025ac      0x22c ./src/main.o
                0x000025ac                setLCDSegments
 .text.main     0x000027d8      0x2c0 ./src/main.o
                0x000027d8                main
 .text.newhead  0x00002a98      0x49c ./src/moving.o
                0x00002a98                newhead
 .text.checkifcollides
                0x00002f34       0x64 ./src/moving.o
                0x00002f34                checkifcollides
 .text.checkifeating
                0x00002f98       0x36 ./src/moving.o
                0x00002f98                checkifeating
 .text.move     0x00002fce       0xa6 ./src/moving.o
                0x00002fce                move
 .text.LCD_FreezeEnable
                0x00003074       0x2c ./src/segmentlcd_individual.o
 .text.LCD_SyncBusyDelay
                0x000030a0       0x24 ./src/segmentlcd_individual.o
 .text.SegmentLCD_LowerSegments
                0x000030c4       0xb0 ./src/segmentlcd_individual.o
                0x000030c4                SegmentLCD_LowerSegments
 .text.start    0x00003174      0x140 ./src/start.o
                0x00003174                start
 .text.win      0x000032b4       0xca ./src/win.o
                0x000032b4                win
 *fill*         0x0000337e        0x2 
 .text.exit     0x00003380       0x28 e:/simplicity studio/developer/toolchains/gnu_arm/7.2_2017q4/bin/../lib/gcc/arm-none-eabi/7.2.1/../../../../arm-none-eabi/lib/thumb/v7-m\libc_nano.a(lib_a-exit.o)
                0x00003380                exit
 .text.__libc_init_array
                0x000033a8       0x48 e:/simplicity studio/developer/toolchains/gnu_arm/7.2_2017q4/bin/../lib/gcc/arm-none-eabi/7.2.1/../../../../arm-none-eabi/lib/thumb/v7-m\libc_nano.a(lib_a-init.o)
                0x000033a8                __libc_init_array
 .text.memcpy   0x000033f0       0x16 e:/simplicity studio/developer/toolchains/gnu_arm/7.2_2017q4/bin/../lib/gcc/arm-none-eabi/7.2.1/../../../../arm-none-eabi/lib/thumb/v7-m\libc_nano.a(lib_a-memcpy-stub.o)
                0x000033f0                memcpy
 .text.memset   0x00003406       0x10 e:/simplicity studio/developer/toolchains/gnu_arm/7.2_2017q4/bin/../lib/gcc/arm-none-eabi/7.2.1/../../../../arm-none-eabi/lib/thumb/v7-m\libc_nano.a(lib_a-memset.o)
                0x00003406                memset
 *fill*         0x00003416        0x2 
 .text.srand    0x00003418       0x48 e:/simplicity studio/developer/toolchains/gnu_arm/7.2_2017q4/bin/../lib/gcc/arm-none-eabi/7.2.1/../../../../arm-none-eabi/lib/thumb/v7-m\libc_nano.a(lib_a-rand.o)
                0x00003418                srand
 .text.rand     0x00003460       0x68 e:/simplicity studio/developer/toolchains/gnu_arm/7.2_2017q4/bin/../lib/gcc/arm-none-eabi/7.2.1/../../../../arm-none-eabi/lib/thumb/v7-m\libc_nano.a(lib_a-rand.o)
                0x00003460                rand
 .text.malloc   0x000034c8       0x10 e:/simplicity studio/developer/toolchains/gnu_arm/7.2_2017q4/bin/../lib/gcc/arm-none-eabi/7.2.1/../../../../arm-none-eabi/lib/thumb/v7-m\libc_nano.a(lib_a-malloc.o)
                0x000034c8                malloc
 .text._malloc_r
                0x000034d8       0xb4 e:/simplicity studio/developer/toolchains/gnu_arm/7.2_2017q4/bin/../lib/gcc/arm-none-eabi/7.2.1/../../../../arm-none-eabi/lib/thumb/v7-m\libc_nano.a(lib_a-nano-mallocr.o)
                0x000034d8                _malloc_r
 .text._sbrk_r  0x0000358c       0x20 e:/simplicity studio/developer/toolchains/gnu_arm/7.2_2017q4/bin/../lib/gcc/arm-none-eabi/7.2.1/../../../../arm-none-eabi/lib/thumb/v7-m\libc_nano.a(lib_a-sbrkr.o)
                0x0000358c                _sbrk_r
 .text.__malloc_lock
                0x000035ac        0x2 e:/simplicity studio/developer/toolchains/gnu_arm/7.2_2017q4/bin/../lib/gcc/arm-none-eabi/7.2.1/../../../../arm-none-eabi/lib/thumb/v7-m\libc_nano.a(lib_a-mlock.o)
                0x000035ac                __malloc_lock
 .text.__malloc_unlock
                0x000035ae        0x2 e:/simplicity studio/developer/toolchains/gnu_arm/7.2_2017q4/bin/../lib/gcc/arm-none-eabi/7.2.1/../../../../arm-none-eabi/lib/thumb/v7-m\libc_nano.a(lib_a-mlock.o)
                0x000035ae                __malloc_unlock
 .text._sbrk    0x000035b0       0x1c e:/simplicity studio/developer/toolchains/gnu_arm/7.2_2017q4/bin/../lib/gcc/arm-none-eabi/7.2.1/../../../../arm-none-eabi/lib/thumb/v7-m\libnosys.a(sbrk.o)
                0x000035b0                _sbrk
 .text._exit    0x000035cc        0x4 e:/simplicity studio/developer/toolchains/gnu_arm/7.2_2017q4/bin/../lib/gcc/arm-none-eabi/7.2.1/../../../../arm-none-eabi/lib/thumb/v7-m\libnosys.a(_exit.o)
                0x000035cc                _exit
 *(.init)
 .init          0x000035d0        0x4 e:/simplicity studio/developer/toolchains/gnu_arm/7.2_2017q4/bin/../lib/gcc/arm-none-eabi/7.2.1/thumb/v7-m/crti.o
                0x000035d0                _init
 .init          0x000035d4        0x8 e:/simplicity studio/developer/toolchains/gnu_arm/7.2_2017q4/bin/../lib/gcc/arm-none-eabi/7.2.1/thumb/v7-m/crtn.o
 *(.fini)
 .fini          0x000035dc        0x4 e:/simplicity studio/developer/toolchains/gnu_arm/7.2_2017q4/bin/../lib/gcc/arm-none-eabi/7.2.1/thumb/v7-m/crti.o
                0x000035dc                _fini
 .fini          0x000035e0        0x8 e:/simplicity studio/developer/toolchains/gnu_arm/7.2_2017q4/bin/../lib/gcc/arm-none-eabi/7.2.1/thumb/v7-m/crtn.o
 *crtbegin.o(.ctors)
 *crtbegin?.o(.ctors)
 *(EXCLUDE_FILE(*crtend.o *crtend?.o) .ctors)
 *(SORT_BY_NAME(.ctors.*))
 *(.ctors)
 *crtbegin.o(.dtors)
 *crtbegin?.o(.dtors)
 *(EXCLUDE_FILE(*crtend.o *crtend?.o) .dtors)
 *(SORT_BY_NAME(.dtors.*))
 *(.dtors)
 *(.rodata*)
 .rodata.btnArray
                0x000035e8       0x10 ./BSP/bsp_stk_buttons.o
 .rodata.lcdInit
                0x000035f8       0x14 ./drivers/segmentlcd.o
 .rodata._global_impure_ptr
                0x0000360c        0x4 e:/simplicity studio/developer/toolchains/gnu_arm/7.2_2017q4/bin/../lib/gcc/arm-none-eabi/7.2.1/../../../../arm-none-eabi/lib/thumb/v7-m\libc_nano.a(lib_a-impure.o)
                0x0000360c                _global_impure_ptr
 *(.eh_frame*)
 .eh_frame      0x00003610        0x0 e:/simplicity studio/developer/toolchains/gnu_arm/7.2_2017q4/bin/../lib/gcc/arm-none-eabi/7.2.1/thumb/v7-m/crtbegin.o
 .eh_frame      0x00003610        0x4 e:/simplicity studio/developer/toolchains/gnu_arm/7.2_2017q4/bin/../lib/gcc/arm-none-eabi/7.2.1/thumb/v7-m/crtend.o

.glue_7         0x00003614        0x0
 .glue_7        0x00003614        0x0 linker stubs

.glue_7t        0x00003614        0x0
 .glue_7t       0x00003614        0x0 linker stubs

.vfp11_veneer   0x00003614        0x0
 .vfp11_veneer  0x00003614        0x0 linker stubs

.v4_bx          0x00003614        0x0
 .v4_bx         0x00003614        0x0 linker stubs

.iplt           0x00003614        0x0
 .iplt          0x00003614        0x0 e:/simplicity studio/developer/toolchains/gnu_arm/7.2_2017q4/bin/../lib/gcc/arm-none-eabi/7.2.1/thumb/v7-m/crtbegin.o

.ARM.extab
 *(.ARM.extab* .gnu.linkonce.armextab.*)
                0x00003614                __exidx_start = .

.ARM.exidx      0x00003614        0x8
 *(.ARM.exidx* .gnu.linkonce.armexidx.*)
 .ARM.exidx     0x00003614        0x8 e:/simplicity studio/developer/toolchains/gnu_arm/7.2_2017q4/bin/../lib/gcc/arm-none-eabi/7.2.1/../../../../arm-none-eabi/lib/thumb/v7-m/crt0.o
                0x0000361c                __exidx_end = .
                0x0000361c                __etext = .

.rel.dyn        0x0000361c        0x0
 .rel.iplt      0x0000361c        0x0 e:/simplicity studio/developer/toolchains/gnu_arm/7.2_2017q4/bin/../lib/gcc/arm-none-eabi/7.2.1/thumb/v7-m/crtbegin.o

.data           0x20000000      0x13c load address 0x0000361c
                0x20000000                __data_start__ = .
 *(vtable)
 *(.data*)
 .data.SystemHFXOClock
                0x20000000        0x4 ./CMSIS/EFM32GG/system_efm32gg.o
 .data.SystemLFXOClock
                0x20000004        0x4 ./CMSIS/EFM32GG/system_efm32gg.o
 .data.SystemCoreClock
                0x20000008        0x4 ./CMSIS/EFM32GG/system_efm32gg.o
                0x20000008                SystemCoreClock
 .data.Text     0x2000000c       0xc4 ./src/segmentlcd_individual.o
                0x2000000c                Text
 .data._impure_ptr
                0x200000d0        0x4 e:/simplicity studio/developer/toolchains/gnu_arm/7.2_2017q4/bin/../lib/gcc/arm-none-eabi/7.2.1/../../../../arm-none-eabi/lib/thumb/v7-m\libc_nano.a(lib_a-impure.o)
                0x200000d0                _impure_ptr
 .data.impure_data
                0x200000d4       0x60 e:/simplicity studio/developer/toolchains/gnu_arm/7.2_2017q4/bin/../lib/gcc/arm-none-eabi/7.2.1/../../../../arm-none-eabi/lib/thumb/v7-m\libc_nano.a(lib_a-impure.o)
                0x20000134                . = ALIGN (0x4)
                [!provide]                PROVIDE (__ram_func_section_start, .)
 *(.ram)
                [!provide]                PROVIDE (__ram_func_section_end, .)
                0x20000134                . = ALIGN (0x4)
                0x20000134                PROVIDE (__preinit_array_start, .)
 *(.preinit_array)
                0x20000134                PROVIDE (__preinit_array_end, .)
                0x20000134                . = ALIGN (0x4)
                0x20000134                PROVIDE (__init_array_start, .)
 *(SORT_BY_NAME(.init_array.*))
 *(.init_array)
 .init_array    0x20000134        0x4 e:/simplicity studio/developer/toolchains/gnu_arm/7.2_2017q4/bin/../lib/gcc/arm-none-eabi/7.2.1/thumb/v7-m/crtbegin.o
                0x20000138                PROVIDE (__init_array_end, .)
                0x20000138                . = ALIGN (0x4)
                [!provide]                PROVIDE (__fini_array_start, .)
 *(SORT_BY_NAME(.fini_array.*))
 *(.fini_array)
 .fini_array    0x20000138        0x4 e:/simplicity studio/developer/toolchains/gnu_arm/7.2_2017q4/bin/../lib/gcc/arm-none-eabi/7.2.1/thumb/v7-m/crtbegin.o
                [!provide]                PROVIDE (__fini_array_end, .)
 *(.jcr*)
                0x2000013c                . = ALIGN (0x4)
                0x2000013c                __data_end__ = .

.igot.plt       0x2000013c        0x0 load address 0x00003758
 .igot.plt      0x2000013c        0x0 e:/simplicity studio/developer/toolchains/gnu_arm/7.2_2017q4/bin/../lib/gcc/arm-none-eabi/7.2.1/thumb/v7-m/crtbegin.o

.bss            0x2000013c       0x44 load address 0x00003758
                0x2000013c                . = ALIGN (0x4)
                0x2000013c                __bss_start__ = .
 *(.bss*)
 .bss           0x2000013c       0x1c e:/simplicity studio/developer/toolchains/gnu_arm/7.2_2017q4/bin/../lib/gcc/arm-none-eabi/7.2.1/thumb/v7-m/crtbegin.o
 .bss.__malloc_free_list
                0x20000158        0x4 e:/simplicity studio/developer/toolchains/gnu_arm/7.2_2017q4/bin/../lib/gcc/arm-none-eabi/7.2.1/../../../../arm-none-eabi/lib/thumb/v7-m\libc_nano.a(lib_a-nano-mallocr.o)
                0x20000158                __malloc_free_list
 .bss.__malloc_sbrk_start
                0x2000015c        0x4 e:/simplicity studio/developer/toolchains/gnu_arm/7.2_2017q4/bin/../lib/gcc/arm-none-eabi/7.2.1/../../../../arm-none-eabi/lib/thumb/v7-m\libc_nano.a(lib_a-nano-mallocr.o)
                0x2000015c                __malloc_sbrk_start
 .bss.heap_end.4102
                0x20000160        0x4 e:/simplicity studio/developer/toolchains/gnu_arm/7.2_2017q4/bin/../lib/gcc/arm-none-eabi/7.2.1/../../../../arm-none-eabi/lib/thumb/v7-m\libnosys.a(sbrk.o)
 *(COMMON)
 COMMON         0x20000164       0x18 ./src/main.o
                0x20000164                lowerCharSegments
                0x20000174                runTime
                0x20000178                msTicks
 COMMON         0x2000017c        0x4 e:/simplicity studio/developer/toolchains/gnu_arm/7.2_2017q4/bin/../lib/gcc/arm-none-eabi/7.2.1/../../../../arm-none-eabi/lib/thumb/v7-m\libc_nano.a(lib_a-reent.o)
                0x2000017c                errno
                0x20000180                . = ALIGN (0x4)
                0x20000180                __bss_end__ = .

.heap           0x20000180      0xc00
                0x20000180                __HeapBase = .
                0x20000180                __end__ = .
                0x20000180                end = __end__
                0x20000180                _end = __end__
 *(.heap*)
 .heap          0x20000180      0xc00 ./CMSIS/EFM32GG/startup_efm32gg.o
                0x20000d80                __HeapLimit = .

.stack_dummy    0x20000180      0x400
 *(.stack*)
 .stack         0x20000180      0x400 ./CMSIS/EFM32GG/startup_efm32gg.o
                0x20020000                __StackTop = (ORIGIN (RAM) + LENGTH (RAM))
                0x2001fc00                __StackLimit = (__StackTop - SIZEOF (.stack_dummy))
                0x20020000                PROVIDE (__stack, __StackTop)
                0x00000001                ASSERT ((__StackLimit >= __HeapLimit), region RAM overflowed with stack)
                0x00000001                ASSERT ((LENGTH (FLASH) >= (__etext + SIZEOF (.data))), FLASH memory overflowed !)
OUTPUT(testCProjectLCD.axf elf32-littlearm)

.ARM.attributes
                0x00000000       0x29
 .ARM.attributes
                0x00000000       0x1d e:/simplicity studio/developer/toolchains/gnu_arm/7.2_2017q4/bin/../lib/gcc/arm-none-eabi/7.2.1/thumb/v7-m/crti.o
 .ARM.attributes
                0x0000001d       0x2d e:/simplicity studio/developer/toolchains/gnu_arm/7.2_2017q4/bin/../lib/gcc/arm-none-eabi/7.2.1/thumb/v7-m/crtbegin.o
 .ARM.attributes
                0x0000004a       0x1b e:/simplicity studio/developer/toolchains/gnu_arm/7.2_2017q4/bin/../lib/gcc/arm-none-eabi/7.2.1/../../../../arm-none-eabi/lib/thumb/v7-m/crt0.o
 .ARM.attributes
                0x00000065       0x33 ./BSP/bsp_stk_buttons.o
 .ARM.attributes
                0x00000098       0x33 ./BSP/bsp_trace.o
 .ARM.attributes
                0x000000cb       0x1b ./CMSIS/EFM32GG/startup_efm32gg.o
 .ARM.attributes
                0x000000e6       0x33 ./CMSIS/EFM32GG/system_efm32gg.o
 .ARM.attributes
                0x00000119       0x33 ./drivers/segmentlcd.o
 .ARM.attributes
                0x0000014c       0x33 ./emlib/em_cmu.o
 .ARM.attributes
                0x0000017f       0x33 ./emlib/em_gpio.o
 .ARM.attributes
                0x000001b2       0x33 ./emlib/em_lcd.o
 .ARM.attributes
                0x000001e5       0x33 ./emlib/em_system.o
 .ARM.attributes
                0x00000218       0x33 ./src/eating.o
 .ARM.attributes
                0x0000024b       0x33 ./src/lose.o
 .ARM.attributes
                0x0000027e       0x33 ./src/main.o
 .ARM.attributes
                0x000002b1       0x33 ./src/moving.o
 .ARM.attributes
                0x000002e4       0x33 ./src/segmentlcd_individual.o
 .ARM.attributes
                0x00000317       0x33 ./src/start.o
 .ARM.attributes
                0x0000034a       0x33 ./src/win.o
 .ARM.attributes
                0x0000037d       0x2d e:/simplicity studio/developer/toolchains/gnu_arm/7.2_2017q4/bin/../lib/gcc/arm-none-eabi/7.2.1/../../../../arm-none-eabi/lib/thumb/v7-m\libc_nano.a(lib_a-exit.o)
 .ARM.attributes
                0x000003aa       0x2d e:/simplicity studio/developer/toolchains/gnu_arm/7.2_2017q4/bin/../lib/gcc/arm-none-eabi/7.2.1/../../../../arm-none-eabi/lib/thumb/v7-m\libc_nano.a(lib_a-impure.o)
 .ARM.attributes
                0x000003d7       0x2d e:/simplicity studio/developer/toolchains/gnu_arm/7.2_2017q4/bin/../lib/gcc/arm-none-eabi/7.2.1/../../../../arm-none-eabi/lib/thumb/v7-m\libc_nano.a(lib_a-init.o)
 .ARM.attributes
                0x00000404       0x2d e:/simplicity studio/developer/toolchains/gnu_arm/7.2_2017q4/bin/../lib/gcc/arm-none-eabi/7.2.1/../../../../arm-none-eabi/lib/thumb/v7-m\libc_nano.a(lib_a-memcpy-stub.o)
 .ARM.attributes
                0x00000431       0x2d e:/simplicity studio/developer/toolchains/gnu_arm/7.2_2017q4/bin/../lib/gcc/arm-none-eabi/7.2.1/../../../../arm-none-eabi/lib/thumb/v7-m\libc_nano.a(lib_a-memset.o)
 .ARM.attributes
                0x0000045e       0x2d e:/simplicity studio/developer/toolchains/gnu_arm/7.2_2017q4/bin/../lib/gcc/arm-none-eabi/7.2.1/../../../../arm-none-eabi/lib/thumb/v7-m\libc_nano.a(lib_a-rand.o)
 .ARM.attributes
                0x0000048b       0x2d e:/simplicity studio/developer/toolchains/gnu_arm/7.2_2017q4/bin/../lib/gcc/arm-none-eabi/7.2.1/../../../../arm-none-eabi/lib/thumb/v7-m\libc_nano.a(lib_a-malloc.o)
 .ARM.attributes
                0x000004b8       0x2d e:/simplicity studio/developer/toolchains/gnu_arm/7.2_2017q4/bin/../lib/gcc/arm-none-eabi/7.2.1/../../../../arm-none-eabi/lib/thumb/v7-m\libc_nano.a(lib_a-nano-mallocr.o)
 .ARM.attributes
                0x000004e5       0x2d e:/simplicity studio/developer/toolchains/gnu_arm/7.2_2017q4/bin/../lib/gcc/arm-none-eabi/7.2.1/../../../../arm-none-eabi/lib/thumb/v7-m\libc_nano.a(lib_a-sbrkr.o)
 .ARM.attributes
                0x00000512       0x2d e:/simplicity studio/developer/toolchains/gnu_arm/7.2_2017q4/bin/../lib/gcc/arm-none-eabi/7.2.1/../../../../arm-none-eabi/lib/thumb/v7-m\libc_nano.a(lib_a-mlock.o)
 .ARM.attributes
                0x0000053f       0x2d e:/simplicity studio/developer/toolchains/gnu_arm/7.2_2017q4/bin/../lib/gcc/arm-none-eabi/7.2.1/../../../../arm-none-eabi/lib/thumb/v7-m\libc_nano.a(lib_a-reent.o)
 .ARM.attributes
                0x0000056c       0x2d e:/simplicity studio/developer/toolchains/gnu_arm/7.2_2017q4/bin/../lib/gcc/arm-none-eabi/7.2.1/../../../../arm-none-eabi/lib/thumb/v7-m\libnosys.a(sbrk.o)
 .ARM.attributes
                0x00000599       0x2d e:/simplicity studio/developer/toolchains/gnu_arm/7.2_2017q4/bin/../lib/gcc/arm-none-eabi/7.2.1/../../../../arm-none-eabi/lib/thumb/v7-m\libnosys.a(_exit.o)
 .ARM.attributes
                0x000005c6       0x2d e:/simplicity studio/developer/toolchains/gnu_arm/7.2_2017q4/bin/../lib/gcc/arm-none-eabi/7.2.1/thumb/v7-m/crtend.o
 .ARM.attributes
                0x000005f3       0x1d e:/simplicity studio/developer/toolchains/gnu_arm/7.2_2017q4/bin/../lib/gcc/arm-none-eabi/7.2.1/thumb/v7-m/crtn.o

.comment        0x00000000       0x7e
 .comment       0x00000000       0x7e ./BSP/bsp_stk_buttons.o
                                 0x7f (size before relaxing)
 .comment       0x0000007e       0x7f ./BSP/bsp_trace.o
 .comment       0x0000007e       0x7f ./CMSIS/EFM32GG/system_efm32gg.o
 .comment       0x0000007e       0x7f ./drivers/segmentlcd.o
 .comment       0x0000007e       0x7f ./emlib/em_cmu.o
 .comment       0x0000007e       0x7f ./emlib/em_gpio.o
 .comment       0x0000007e       0x7f ./emlib/em_lcd.o
 .comment       0x0000007e       0x7f ./emlib/em_system.o
 .comment       0x0000007e       0x7f ./src/eating.o
 .comment       0x0000007e       0x7f ./src/lose.o
 .comment       0x0000007e       0x7f ./src/main.o
 .comment       0x0000007e       0x7f ./src/moving.o
 .comment       0x0000007e       0x7f ./src/segmentlcd_individual.o
 .comment       0x0000007e       0x7f ./src/start.o
 .comment       0x0000007e       0x7f ./src/win.o

.debug_info     0x00000000     0x816b
 .debug_info    0x00000000      0x6b2 ./BSP/bsp_stk_buttons.o
 .debug_info    0x000006b2      0xcfd ./BSP/bsp_trace.o
 .debug_info    0x000013af       0x26 ./CMSIS/EFM32GG/startup_efm32gg.o
 .debug_info    0x000013d5      0x7a7 ./CMSIS/EFM32GG/system_efm32gg.o
 .debug_info    0x00001b7c     0x1bfd ./drivers/segmentlcd.o
 .debug_info    0x00003779     0x1624 ./emlib/em_cmu.o
 .debug_info    0x00004d9d      0x6f4 ./emlib/em_gpio.o
 .debug_info    0x00005491      0xb0e ./emlib/em_lcd.o
 .debug_info    0x00005f9f      0x2d6 ./emlib/em_system.o
 .debug_info    0x00006275      0x184 ./src/eating.o
 .debug_info    0x000063f9       0xf8 ./src/lose.o
 .debug_info    0x000064f1     0x11c2 ./src/main.o
 .debug_info    0x000076b3      0x1fa ./src/moving.o
 .debug_info    0x000078ad      0x6ce ./src/segmentlcd_individual.o
 .debug_info    0x00007f7b      0x104 ./src/start.o
 .debug_info    0x0000807f       0xec ./src/win.o

.debug_abbrev   0x00000000     0x19d4
 .debug_abbrev  0x00000000      0x1e0 ./BSP/bsp_stk_buttons.o
 .debug_abbrev  0x000001e0      0x1c7 ./BSP/bsp_trace.o
 .debug_abbrev  0x000003a7       0x14 ./CMSIS/EFM32GG/startup_efm32gg.o
 .debug_abbrev  0x000003bb      0x1eb ./CMSIS/EFM32GG/system_efm32gg.o
 .debug_abbrev  0x000005a6      0x2ba ./drivers/segmentlcd.o
 .debug_abbrev  0x00000860      0x307 ./emlib/em_cmu.o
 .debug_abbrev  0x00000b67      0x21d ./emlib/em_gpio.o
 .debug_abbrev  0x00000d84      0x24b ./emlib/em_lcd.o
 .debug_abbrev  0x00000fcf      0x153 ./emlib/em_system.o
 .debug_abbrev  0x00001122       0xf2 ./src/eating.o
 .debug_abbrev  0x00001214       0xc2 ./src/lose.o
 .debug_abbrev  0x000012d6      0x2af ./src/main.o
 .debug_abbrev  0x00001585      0x136 ./src/moving.o
 .debug_abbrev  0x000016bb      0x18e ./src/segmentlcd_individual.o
 .debug_abbrev  0x00001849       0xd8 ./src/start.o
 .debug_abbrev  0x00001921       0xb3 ./src/win.o

.debug_loc      0x00000000     0x2b96
 .debug_loc     0x00000000      0x19c ./BSP/bsp_stk_buttons.o
 .debug_loc     0x0000019c       0x7c ./BSP/bsp_trace.o
 .debug_loc     0x00000218      0x31c ./CMSIS/EFM32GG/system_efm32gg.o
 .debug_loc     0x00000534      0x66a ./drivers/segmentlcd.o
 .debug_loc     0x00000b9e      0xe4c ./emlib/em_cmu.o
 .debug_loc     0x000019ea      0x420 ./emlib/em_gpio.o
 .debug_loc     0x00001e0a      0x648 ./emlib/em_lcd.o
 .debug_loc     0x00002452       0xb8 ./emlib/em_system.o
 .debug_loc     0x0000250a       0x76 ./src/eating.o
 .debug_loc     0x00002580       0x52 ./src/lose.o
 .debug_loc     0x000025d2      0x1ee ./src/main.o
 .debug_loc     0x000027c0      0x1b8 ./src/moving.o
 .debug_loc     0x00002978      0x158 ./src/segmentlcd_individual.o
 .debug_loc     0x00002ad0       0x74 ./src/start.o
 .debug_loc     0x00002b44       0x52 ./src/win.o

.debug_aranges  0x00000000      0x5c0
 .debug_aranges
                0x00000000       0x40 ./BSP/bsp_stk_buttons.o
 .debug_aranges
                0x00000040       0x28 ./BSP/bsp_trace.o
 .debug_aranges
                0x00000068       0x20 ./CMSIS/EFM32GG/startup_efm32gg.o
 .debug_aranges
                0x00000088       0x70 ./CMSIS/EFM32GG/system_efm32gg.o
 .debug_aranges
                0x000000f8       0xc8 ./drivers/segmentlcd.o
 .debug_aranges
                0x000001c0      0x180 ./emlib/em_cmu.o
 .debug_aranges
                0x00000340       0x78 ./emlib/em_gpio.o
 .debug_aranges
                0x000003b8       0xa8 ./emlib/em_lcd.o
 .debug_aranges
                0x00000460       0x28 ./emlib/em_system.o
 .debug_aranges
                0x00000488       0x20 ./src/eating.o
 .debug_aranges
                0x000004a8       0x20 ./src/lose.o
 .debug_aranges
                0x000004c8       0x48 ./src/main.o
 .debug_aranges
                0x00000510       0x38 ./src/moving.o
 .debug_aranges
                0x00000548       0x38 ./src/segmentlcd_individual.o
 .debug_aranges
                0x00000580       0x20 ./src/start.o
 .debug_aranges
                0x000005a0       0x20 ./src/win.o

.debug_ranges   0x00000000      0x4b0
 .debug_ranges  0x00000000       0x30 ./BSP/bsp_stk_buttons.o
 .debug_ranges  0x00000030       0x18 ./BSP/bsp_trace.o
 .debug_ranges  0x00000048       0x60 ./CMSIS/EFM32GG/system_efm32gg.o
 .debug_ranges  0x000000a8       0xb8 ./drivers/segmentlcd.o
 .debug_ranges  0x00000160      0x170 ./emlib/em_cmu.o
 .debug_ranges  0x000002d0       0x68 ./emlib/em_gpio.o
 .debug_ranges  0x00000338       0x98 ./emlib/em_lcd.o
 .debug_ranges  0x000003d0       0x18 ./emlib/em_system.o
 .debug_ranges  0x000003e8       0x10 ./src/eating.o
 .debug_ranges  0x000003f8       0x10 ./src/lose.o
 .debug_ranges  0x00000408       0x38 ./src/main.o
 .debug_ranges  0x00000440       0x28 ./src/moving.o
 .debug_ranges  0x00000468       0x28 ./src/segmentlcd_individual.o
 .debug_ranges  0x00000490       0x10 ./src/start.o
 .debug_ranges  0x000004a0       0x10 ./src/win.o

.debug_macro    0x00000000     0x2dab
 .debug_macro   0x00000000      0x2e5 ./BSP/bsp_stk_buttons.o
 .debug_macro   0x000002e5       0x4f ./BSP/bsp_stk_buttons.o
 .debug_macro   0x00000334       0x51 ./BSP/bsp_stk_buttons.o
 .debug_macro   0x00000385       0xc3 ./BSP/bsp_stk_buttons.o
 .debug_macro   0x00000448      0x2fe ./BSP/bsp_trace.o
 .debug_macro   0x00000746       0xc6 ./BSP/bsp_trace.o
 .debug_macro   0x0000080c       0x16 ./BSP/bsp_trace.o
 .debug_macro   0x00000822      0x28e ./CMSIS/EFM32GG/system_efm32gg.o
 .debug_macro   0x00000ab0      0x432 ./drivers/segmentlcd.o
 .debug_macro   0x00000ee2       0x16 ./drivers/segmentlcd.o
 .debug_macro   0x00000ef8       0x97 ./drivers/segmentlcd.o
 .debug_macro   0x00000f8f       0xf6 ./drivers/segmentlcd.o
 .debug_macro   0x00001085       0x10 ./drivers/segmentlcd.o
 .debug_macro   0x00001095       0x10 ./drivers/segmentlcd.o
 .debug_macro   0x000010a5       0xb6 ./drivers/segmentlcd.o
 .debug_macro   0x0000115b       0x16 ./drivers/segmentlcd.o
 .debug_macro   0x00001171      0x129 ./drivers/segmentlcd.o
 .debug_macro   0x0000129a       0x16 ./drivers/segmentlcd.o
 .debug_macro   0x000012b0       0x16 ./drivers/segmentlcd.o
 .debug_macro   0x000012c6       0x22 ./drivers/segmentlcd.o
 .debug_macro   0x000012e8       0x1d ./drivers/segmentlcd.o
 .debug_macro   0x00001305      0x117 ./drivers/segmentlcd.o
 .debug_macro   0x0000141c       0x22 ./drivers/segmentlcd.o
 .debug_macro   0x0000143e      0x367 ./emlib/em_cmu.o
 .debug_macro   0x000017a5       0x58 ./emlib/em_cmu.o
 .debug_macro   0x000017fd      0x34d ./emlib/em_cmu.o
 .debug_macro   0x00001b4a       0x25 ./emlib/em_cmu.o
 .debug_macro   0x00001b6f       0xee ./emlib/em_cmu.o
 .debug_macro   0x00001c5d       0x1f ./emlib/em_cmu.o
 .debug_macro   0x00001c7c      0x2a7 ./emlib/em_gpio.o
 .debug_macro   0x00001f23      0x29b ./emlib/em_lcd.o
 .debug_macro   0x000021be       0x17 ./emlib/em_lcd.o
 .debug_macro   0x000021d5      0x295 ./emlib/em_system.o
 .debug_macro   0x0000246a       0x1b ./src/eating.o
 .debug_macro   0x00002485       0x1b ./src/lose.o
 .debug_macro   0x000024a0      0x441 ./src/main.o
 .debug_macro   0x000028e1      0x10e ./src/main.o
 .debug_macro   0x000029ef       0x86 ./src/main.o
 .debug_macro   0x00002a75       0x16 ./src/main.o
 .debug_macro   0x00002a8b       0x16 ./src/main.o
 .debug_macro   0x00002aa1       0x21 ./src/moving.o
 .debug_macro   0x00002ac2      0x2a3 ./src/segmentlcd_individual.o
 .debug_macro   0x00002d65       0x10 ./src/segmentlcd_individual.o
 .debug_macro   0x00002d75       0x1b ./src/start.o
 .debug_macro   0x00002d90       0x1b ./src/win.o

.debug_line     0x00000000     0x6b73
 .debug_line    0x00000000      0x917 ./BSP/bsp_stk_buttons.o
 .debug_line    0x00000917      0x8bc ./BSP/bsp_trace.o
 .debug_line    0x000011d3       0xc5 ./CMSIS/EFM32GG/startup_efm32gg.o
 .debug_line    0x00001298      0x834 ./CMSIS/EFM32GG/system_efm32gg.o
 .debug_line    0x00001acc      0xcef ./drivers/segmentlcd.o
 .debug_line    0x000027bb     0x107e ./emlib/em_cmu.o
 .debug_line    0x00003839      0x955 ./emlib/em_gpio.o
 .debug_line    0x0000418e      0x9ec ./emlib/em_lcd.o
 .debug_line    0x00004b7a      0x7f0 ./emlib/em_system.o
 .debug_line    0x0000536a       0xc9 ./src/eating.o
 .debug_line    0x00005433       0x8a ./src/lose.o
 .debug_line    0x000054bd      0xb7d ./src/main.o
 .debug_line    0x0000603a      0x255 ./src/moving.o
 .debug_line    0x0000628f      0x80d ./src/segmentlcd_individual.o
 .debug_line    0x00006a9c       0x71 ./src/start.o
 .debug_line    0x00006b0d       0x66 ./src/win.o

.debug_str      0x00000000    0xde490
 .debug_str     0x00000000    0xd4955 ./BSP/bsp_stk_buttons.o
                              0xd4f89 (size before relaxing)
 .debug_str     0x000d4955      0x398 ./BSP/bsp_trace.o
                              0xd50fb (size before relaxing)
 .debug_str     0x000d4ced       0x89 ./CMSIS/EFM32GG/startup_efm32gg.o
                                 0xd4 (size before relaxing)
 .debug_str     0x000d4d76      0x2be ./CMSIS/EFM32GG/system_efm32gg.o
                              0xd2ee0 (size before relaxing)
 .debug_str     0x000d5034     0x6d48 ./drivers/segmentlcd.o
                              0xdb1a5 (size before relaxing)
 .debug_str     0x000dbd7c      0xf2d ./emlib/em_cmu.o
                              0xd6d0c (size before relaxing)
 .debug_str     0x000dcca9      0x21b ./emlib/em_gpio.o
                              0xd36c1 (size before relaxing)
 .debug_str     0x000dcec4      0x3a2 ./emlib/em_lcd.o
                              0xd336a (size before relaxing)
 .debug_str     0x000dd266       0xef ./emlib/em_system.o
                              0xd2f99 (size before relaxing)
 .debug_str     0x000dd355       0x59 ./src/eating.o
                               0x2d3f (size before relaxing)
 .debug_str     0x000dd3ae       0x13 ./src/lose.o
                               0x2d13 (size before relaxing)
 .debug_str     0x000dd3c1      0x1b3 ./src/main.o
                              0xdadd5 (size before relaxing)
 .debug_str     0x000dd574       0x62 ./src/moving.o
                               0x2d6d (size before relaxing)
 .debug_str     0x000dd5d6      0xe98 ./src/segmentlcd_individual.o
                              0xd3c3c (size before relaxing)
 .debug_str     0x000de46e       0x15 ./src/start.o
                               0x2d15 (size before relaxing)
 .debug_str     0x000de483        0xd ./src/win.o
                               0x2d08 (size before relaxing)

.debug_frame    0x00000000     0x16e0
 .debug_frame   0x00000000       0xc8 ./BSP/bsp_stk_buttons.o
 .debug_frame   0x000000c8       0x50 ./BSP/bsp_trace.o
 .debug_frame   0x00000118      0x180 ./CMSIS/EFM32GG/system_efm32gg.o
 .debug_frame   0x00000298      0x318 ./drivers/segmentlcd.o
 .debug_frame   0x000005b0      0x690 ./emlib/em_cmu.o
 .debug_frame   0x00000c40      0x1e0 ./emlib/em_gpio.o
 .debug_frame   0x00000e20      0x2d0 ./emlib/em_lcd.o
 .debug_frame   0x000010f0       0x60 ./emlib/em_system.o
 .debug_frame   0x00001150       0x44 ./src/eating.o
 .debug_frame   0x00001194       0x38 ./src/lose.o
 .debug_frame   0x000011cc       0xf8 ./src/main.o
 .debug_frame   0x000012c4       0xc4 ./src/moving.o
 .debug_frame   0x00001388       0xa8 ./src/segmentlcd_individual.o
 .debug_frame   0x00001430       0x40 ./src/start.o
 .debug_frame   0x00001470       0x38 ./src/win.o
 .debug_frame   0x000014a8       0x28 e:/simplicity studio/developer/toolchains/gnu_arm/7.2_2017q4/bin/../lib/gcc/arm-none-eabi/7.2.1/../../../../arm-none-eabi/lib/thumb/v7-m\libc_nano.a(lib_a-exit.o)
 .debug_frame   0x000014d0       0x2c e:/simplicity studio/developer/toolchains/gnu_arm/7.2_2017q4/bin/../lib/gcc/arm-none-eabi/7.2.1/../../../../arm-none-eabi/lib/thumb/v7-m\libc_nano.a(lib_a-init.o)
 .debug_frame   0x000014fc       0x28 e:/simplicity studio/developer/toolchains/gnu_arm/7.2_2017q4/bin/../lib/gcc/arm-none-eabi/7.2.1/../../../../arm-none-eabi/lib/thumb/v7-m\libc_nano.a(lib_a-memcpy-stub.o)
 .debug_frame   0x00001524       0x20 e:/simplicity studio/developer/toolchains/gnu_arm/7.2_2017q4/bin/../lib/gcc/arm-none-eabi/7.2.1/../../../../arm-none-eabi/lib/thumb/v7-m\libc_nano.a(lib_a-memset.o)
 .debug_frame   0x00001544       0x48 e:/simplicity studio/developer/toolchains/gnu_arm/7.2_2017q4/bin/../lib/gcc/arm-none-eabi/7.2.1/../../../../arm-none-eabi/lib/thumb/v7-m\libc_nano.a(lib_a-rand.o)
 .debug_frame   0x0000158c       0x30 e:/simplicity studio/developer/toolchains/gnu_arm/7.2_2017q4/bin/../lib/gcc/arm-none-eabi/7.2.1/../../../../arm-none-eabi/lib/thumb/v7-m\libc_nano.a(lib_a-malloc.o)
 .debug_frame   0x000015bc       0x2c e:/simplicity studio/developer/toolchains/gnu_arm/7.2_2017q4/bin/../lib/gcc/arm-none-eabi/7.2.1/../../../../arm-none-eabi/lib/thumb/v7-m\libc_nano.a(lib_a-nano-mallocr.o)
 .debug_frame   0x000015e8       0x2c e:/simplicity studio/developer/toolchains/gnu_arm/7.2_2017q4/bin/../lib/gcc/arm-none-eabi/7.2.1/../../../../arm-none-eabi/lib/thumb/v7-m\libc_nano.a(lib_a-sbrkr.o)
 .debug_frame   0x00001614       0x30 e:/simplicity studio/developer/toolchains/gnu_arm/7.2_2017q4/bin/../lib/gcc/arm-none-eabi/7.2.1/../../../../arm-none-eabi/lib/thumb/v7-m\libc_nano.a(lib_a-mlock.o)
 .debug_frame   0x00001644       0x5c e:/simplicity studio/developer/toolchains/gnu_arm/7.2_2017q4/bin/../lib/gcc/arm-none-eabi/7.2.1/../../../../arm-none-eabi/lib/thumb/v7-m\libc_nano.a(lib_a-reent.o)
 .debug_frame   0x000016a0       0x20 e:/simplicity studio/developer/toolchains/gnu_arm/7.2_2017q4/bin/../lib/gcc/arm-none-eabi/7.2.1/../../../../arm-none-eabi/lib/thumb/v7-m\libnosys.a(sbrk.o)
 .debug_frame   0x000016c0       0x20 e:/simplicity studio/developer/toolchains/gnu_arm/7.2_2017q4/bin/../lib/gcc/arm-none-eabi/7.2.1/../../../../arm-none-eabi/lib/thumb/v7-m\libnosys.a(_exit.o)
